2026-08-01T21:51:13Z elapsed_seconds=600 completed unknown/256 server_completed=19/256
0, 76069, 81920, 97
1, 76069, 81920, 97
2, 76069, 81920, 83
3, 76069, 81920, 98
4, 76069, 81920, 96
5, 76069, 81920, 89
6, 76069, 81920, 74
7, 76069, 81920, 97
2026-08-01T22:01:13Z elapsed_seconds=1200 completed unknown/256 server_completed=19/256
0, 76071, 81920, 97
1, 76071, 81920, 99
2, 76071, 81920, 96
3, 76071, 81920, 90
4, 76071, 81920, 97
5, 76071, 81920, 96
6, 76071, 81920, 76
7, 76071, 81920, 98
2026-08-01T22:11:13Z elapsed_seconds=1800 completed unknown/256 server_completed=19/256
0, 76075, 81920, 97
1, 76075, 81920, 96
2, 76075, 81920, 97
3, 76075, 81920, 97
4, 76075, 81920, 97
5, 76075, 81920, 94
6, 76075, 81920, 74
7, 76075, 81920, 98
2026-08-01T22:21:14Z elapsed_seconds=2401 completed 20/256 server_completed=38/256
0, 76077, 81920, 96
1, 76077, 81920, 82
2, 76077, 81920, 93
3, 76077, 81920, 94
4, 76077, 81920, 97
5, 76077, 81920, 88
6, 76077, 81920, 73
7, 76077, 81920, 97
2026-08-01T22:31:14Z elapsed_seconds=3001 completed 20/256 server_completed=39/256
0, 76077, 81920, 98
1, 76077, 81920, 97
2, 76077, 81920, 98
3, 76077, 81920, 97
4, 76077, 81920, 97
5, 76077, 81920, 79
6, 76077, 81920, 92
7, 76077, 81920, 98
2026-08-01T22:41:14Z elapsed_seconds=3601 completed 40/256 server_completed=43/256
0, 76077, 81920, 0
1, 76077, 81920, 0
2, 76077, 81920, 0
3, 76077, 81920, 0
4, 76077, 81920, 0
5, 76077, 81920, 0
6, 76077, 81920, 0
7, 76077, 81920, 0
2026-08-01T22:51:14Z elapsed_seconds=4201 completed 60/256 server_completed=76/256
0, 76079, 81920, 98
1, 76079, 81920, 95
2, 76079, 81920, 69
3, 76079, 81920, 96
4, 76079, 81920, 94
5, 76079, 81920, 97
6, 76079, 81920, 97
7, 76079, 81920, 97
2026-08-01T23:01:15Z elapsed_seconds=4802 completed 60/256 server_completed=77/256
0, 76079, 81920, 97
1, 76079, 81920, 92
2, 76079, 81920, 74
3, 76079, 81920, 97
4, 76079, 81920, 97
5, 76079, 81920, 97
6, 76079, 81920, 96
7, 76079, 81920, 96
2026-08-01T23:11:15Z elapsed_seconds=5402 completed 80/256 server_completed=83/256
0, 76079, 81920, 97
1, 76079, 81920, 66
2, 76079, 81920, 85
3, 76079, 81920, 87
4, 76079, 81920, 96
5, 76079, 81920, 94
6, 76079, 81920, 91
7, 76079, 81920, 95
2026-08-01T23:21:15Z elapsed_seconds=6002 completed 100/256 server_completed=108/256
0, 76081, 81920, 98
1, 76081, 81920, 97
2, 76081, 81920, 79
3, 76081, 81920, 86
4, 76081, 81920, 97
5, 76081, 81920, 97
6, 76081, 81920, 97
7, 76081, 81920, 95
2026-08-01T23:31:15Z elapsed_seconds=6602 completed 100/256 server_completed=108/256
0, 76081, 81920, 98
1, 76081, 81920, 97
2, 76081, 81920, 77
3, 76081, 81920, 97
4, 76081, 81920, 97
5, 76081, 81920, 96
6, 76081, 81920, 94
7, 76081, 81920, 83
2026-08-01T23:41:15Z elapsed_seconds=7202 completed 100/256 server_completed=117/256
0, 76081, 81920, 97
1, 76081, 81920, 91
2, 76081, 81920, 80
3, 76081, 81920, 67
4, 76081, 81920, 90
5, 76081, 81920, 97
6, 76081, 81920, 95
7, 76081, 81920, 96
2026-08-01T23:51:16Z elapsed_seconds=7803 completed 140/256 server_completed=147/256
0, 76083, 81920, 98
1, 76083, 81920, 95
2, 76083, 81920, 75
3, 76083, 81920, 89
4, 76083, 81920, 97
5, 76083, 81920, 97
6, 76083, 81920, 97
7, 76083, 81920, 97
2026-08-02T00:01:16Z elapsed_seconds=8403 completed 140/256 server_completed=147/256
0, 76083, 81920, 98
1, 76083, 81920, 94
2, 76083, 81920, 95
3, 76083, 81920, 75
4, 76083, 81920, 97
5, 76083, 81920, 97
6, 76083, 81920, 97
7, 76083, 81920, 99
2026-08-02T00:11:16Z elapsed_seconds=9003 completed 140/256 server_completed=155/256
0, 76083, 81920, 97
1, 76083, 81920, 90
2, 76083, 81920, 93
3, 76083, 81920, 67
4, 76083, 81920, 94
5, 76083, 81920, 96
6, 76083, 81920, 97
7, 76083, 81920, 97
2026-08-02T00:21:16Z elapsed_seconds=9603 completed 160/256 server_completed=175/256
0, 76083, 81920, 97
1, 76083, 81920, 91
2, 76083, 81920, 91
3, 76083, 81920, 98
4, 76083, 81920, 74
5, 76083, 81920, 97
6, 76083, 81920, 96
7, 76083, 81920, 98
2026-08-02T00:31:17Z elapsed_seconds=10204 completed 160/256 server_completed=176/256
0, 76083, 81920, 98
1, 76083, 81920, 76
2, 76083, 81920, 83
3, 76083, 81920, 97
4, 76083, 81920, 86
5, 76083, 81920, 91
6, 76083, 81920, 95
7, 76083, 81920, 98
2026-08-02T00:41:17Z elapsed_seconds=10804 completed 180/256 server_completed=189/256
0, 76085, 81920, 78
1, 76085, 81920, 74
2, 76085, 81920, 77
3, 76085, 81920, 81
4, 76085, 81920, 54
5, 76085, 81920, 77
6, 76085, 81920, 75
7, 76085, 81920, 84
2026-08-02T00:51:17Z elapsed_seconds=11404 completed 200/256 server_completed=216/256
0, 76085, 81920, 97
1, 76085, 81920, 96
2, 76085, 81920, 70
3, 76085, 81920, 90
4, 76085, 81920, 92
5, 76085, 81920, 76
6, 76085, 81920, 97
7, 76085, 81920, 97
2026-08-02T01:01:17Z elapsed_seconds=12004 completed 200/256 server_completed=216/256
0, 76085, 81920, 96
1, 76085, 81920, 88
2, 76085, 81920, 75
3, 76085, 81920, 90
4, 76085, 81920, 90
5, 76085, 81920, 78
6, 76085, 81920, 97
7, 76085, 81920, 98
2026-08-02T01:11:17Z elapsed_seconds=12604 completed 220/256 server_completed=230/256
0, 76087, 81920, 97
1, 76087, 81920, 90
2, 76087, 81920, 67
3, 76087, 81920, 96
4, 76087, 81920, 88
5, 76087, 81920, 96
6, 76087, 81920, 94
7, 76087, 81920, 96
2026-08-02T01:21:18Z elapsed_seconds=13205 completed 240/256 server_completed=246/256
0, 76089, 81920, 97
1, 76089, 81920, 83
2, 76089, 81920, 77
3, 76089, 81920, 96
4, 76089, 81920, 96
5, 76089, 81920, 54
6, 76089, 81920, 82
7, 76089, 81920, 95
2026-08-02T01:31:18Z elapsed_seconds=13805 completed 240/256 server_completed=246/256
0, 76091, 81920, 97
1, 76091, 81920, 54
2, 76091, 81920, 69
3, 76091, 81920, 90
4, 76091, 81920, 96
5, 76091, 81920, 92
6, 76091, 81920, 71
7, 76091, 81920, 90
2026-08-02T01:41:18Z elapsed_seconds=14405 completed 240/256 server_completed=250/256
0, 76095, 81920, 96
1, 76095, 81920, 40
2, 76095, 81920, 94
3, 76095, 81920, 96
4, 76095, 81920, 96
5, 76095, 81920, 88
6, 76095, 81920, 90
7, 76095, 81920, 97
