2026-08-01T21:47:02Z server_pid=564 ready=1 elapsed_seconds=600
0, 76067, 81920, 75
1, 76067, 81920, 84
2, 76067, 81920, 50
3, 76067, 81920, 73
4, 76067, 81920, 80
5, 76067, 81920, 74
6, 76067, 81920, 71
7, 76067, 81920, 76
2026-08-01T21:57:02Z server_pid=564 ready=1 elapsed_seconds=1200
0, 76071, 81920, 96
1, 76071, 81920, 97
2, 76071, 81920, 97
3, 76071, 81920, 97
4, 76071, 81920, 96
5, 76071, 81920, 93
6, 76071, 81920, 74
7, 76071, 81920, 98
2026-08-01T22:07:02Z server_pid=564 ready=1 elapsed_seconds=1800
0, 76073, 81920, 97
1, 76073, 81920, 93
2, 76073, 81920, 97
3, 76073, 81920, 97
4, 76073, 81920, 97
5, 76073, 81920, 96
6, 76073, 81920, 74
7, 76073, 81920, 98
2026-08-01T22:17:03Z server_pid=564 ready=1 elapsed_seconds=2401
0, 76077, 81920, 94
1, 76077, 81920, 91
2, 76077, 81920, 95
3, 76077, 81920, 97
4, 76077, 81920, 93
5, 76077, 81920, 92
6, 76077, 81920, 63
7, 76077, 81920, 96
2026-08-01T22:27:03Z server_pid=564 ready=1 elapsed_seconds=3001
0, 76077, 81920, 97
1, 76077, 81920, 95
2, 76077, 81920, 98
3, 76077, 81920, 98
4, 76077, 81920, 98
5, 76077, 81920, 94
6, 76077, 81920, 73
7, 76077, 81920, 89
2026-08-01T22:37:03Z server_pid=564 ready=1 elapsed_seconds=3601
0, 76077, 81920, 98
1, 76077, 81920, 96
2, 76077, 81920, 77
3, 76077, 81920, 98
4, 76077, 81920, 98
5, 76077, 81920, 82
6, 76077, 81920, 72
7, 76077, 81920, 98
2026-08-01T22:47:03Z server_pid=564 ready=1 elapsed_seconds=4201
0, 76079, 81920, 97
1, 76079, 81920, 95
2, 76079, 81920, 96
3, 76079, 81920, 96
4, 76079, 81920, 93
5, 76079, 81920, 73
6, 76079, 81920, 60
7, 76079, 81920, 93
2026-08-01T22:57:03Z server_pid=564 ready=1 elapsed_seconds=4801
0, 76079, 81920, 98
1, 76079, 81920, 88
2, 76079, 81920, 76
3, 76079, 81920, 97
4, 76079, 81920, 81
5, 76079, 81920, 81
6, 76079, 81920, 97
7, 76079, 81920, 97
2026-08-01T23:07:04Z server_pid=564 ready=1 elapsed_seconds=5402
0, 76079, 81920, 98
1, 76079, 81920, 95
2, 76079, 81920, 74
3, 76079, 81920, 99
4, 76079, 81920, 98
5, 76079, 81920, 98
6, 76079, 81920, 97
7, 76079, 81920, 98
2026-08-01T23:17:04Z server_pid=564 ready=1 elapsed_seconds=6002
0, 76081, 81920, 97
1, 76081, 81920, 95
2, 76081, 81920, 63
3, 76081, 81920, 94
4, 76081, 81920, 95
5, 76081, 81920, 95
6, 76081, 81920, 95
7, 76081, 81920, 94
2026-08-01T23:27:04Z server_pid=564 ready=1 elapsed_seconds=6602
0, 76081, 81920, 98
1, 76081, 81920, 97
2, 76081, 81920, 74
3, 76081, 81920, 96
4, 76081, 81920, 97
5, 76081, 81920, 98
6, 76081, 81920, 98
7, 76081, 81920, 97
2026-08-01T23:37:04Z server_pid=564 ready=1 elapsed_seconds=7202
0, 76081, 81920, 98
1, 76081, 81920, 96
2, 76081, 81920, 90
3, 76081, 81920, 80
4, 76081, 81920, 98
5, 76081, 81920, 98
6, 76081, 81920, 77
7, 76081, 81920, 97
2026-08-01T23:47:04Z server_pid=564 ready=1 elapsed_seconds=7802
0, 76081, 81920, 0
1, 76081, 81920, 0
2, 76081, 81920, 0
3, 76081, 81920, 0
4, 76081, 81920, 0
5, 76081, 81920, 0
6, 76081, 81920, 0
7, 76081, 81920, 0
2026-08-01T23:57:04Z server_pid=564 ready=1 elapsed_seconds=8402
0, 76083, 81920, 97
1, 76083, 81920, 89
2, 76083, 81920, 77
3, 76083, 81920, 75
4, 76083, 81920, 97
5, 76083, 81920, 97
6, 76083, 81920, 97
7, 76083, 81920, 98
2026-08-02T00:07:05Z server_pid=564 ready=1 elapsed_seconds=9003
0, 76083, 81920, 98
1, 76083, 81920, 80
2, 76083, 81920, 95
3, 76083, 81920, 78
4, 76083, 81920, 96
5, 76083, 81920, 97
6, 76083, 81920, 97
7, 76083, 81920, 97
2026-08-02T00:17:05Z server_pid=564 ready=1 elapsed_seconds=9603
0, 76083, 81920, 98
1, 76083, 81920, 64
2, 76083, 81920, 89
3, 76083, 81920, 95
4, 76083, 81920, 95
5, 76083, 81920, 96
6, 76083, 81920, 95
7, 76083, 81920, 97
2026-08-02T00:27:05Z server_pid=564 ready=1 elapsed_seconds=10203
0, 76083, 81920, 98
1, 76083, 81920, 92
2, 76083, 81920, 74
3, 76083, 81920, 97
4, 76083, 81920, 94
5, 76083, 81920, 98
6, 76083, 81920, 98
7, 76083, 81920, 98
2026-08-02T00:37:05Z server_pid=564 ready=1 elapsed_seconds=10803
0, 76085, 81920, 98
1, 76085, 81920, 96
2, 76085, 81920, 68
3, 76085, 81920, 97
4, 76085, 81920, 94
5, 76085, 81920, 97
6, 76085, 81920, 97
7, 76085, 81920, 98
2026-08-02T00:47:06Z server_pid=564 ready=1 elapsed_seconds=11404
0, 76085, 81920, 92
1, 76085, 81920, 92
2, 76085, 81920, 95
3, 76085, 81920, 96
4, 76085, 81920, 74
5, 76085, 81920, 65
6, 76085, 81920, 96
7, 76085, 81920, 97
2026-08-02T00:57:06Z server_pid=564 ready=1 elapsed_seconds=12004
0, 76085, 81920, 98
1, 76085, 81920, 96
2, 76085, 81920, 75
3, 76085, 81920, 92
4, 76085, 81920, 89
5, 76085, 81920, 94
6, 76085, 81920, 98
7, 76085, 81920, 98
2026-08-02T01:07:06Z server_pid=564 ready=1 elapsed_seconds=12604
0, 76085, 81920, 97
1, 76085, 81920, 95
2, 76085, 81920, 66
3, 76085, 81920, 95
4, 76085, 81920, 94
5, 76085, 81920, 89
6, 76085, 81920, 90
7, 76085, 81920, 97
2026-08-02T01:17:06Z server_pid=564 ready=1 elapsed_seconds=13204
0, 76087, 81920, 0
1, 76087, 81920, 0
2, 76087, 81920, 0
3, 76087, 81920, 0
4, 76087, 81920, 0
5, 76087, 81920, 0
6, 76087, 81920, 0
7, 76087, 81920, 0
2026-08-02T01:27:06Z server_pid=564 ready=1 elapsed_seconds=13804
0, 76091, 81920, 97
1, 76091, 81920, 79
2, 76091, 81920, 87
3, 76091, 81920, 96
4, 76091, 81920, 96
5, 76091, 81920, 72
6, 76091, 81920, 58
7, 76091, 81920, 95
2026-08-02T01:37:07Z server_pid=564 ready=1 elapsed_seconds=14405
0, 76093, 81920, 96
1, 76093, 81920, 46
2, 76093, 81920, 96
3, 76093, 81920, 95
4, 76093, 81920, 96
5, 76093, 81920, 96
6, 76093, 81920, 96
7, 76093, 81920, 96
2026-08-02T01:47:07Z server_pid=564 ready=1 elapsed_seconds=15005
0, 76097, 81920, 0
1, 76097, 81920, 0
2, 76097, 81920, 0
3, 76097, 81920, 0
4, 76097, 81920, 0
5, 76097, 81920, 0
6, 76097, 81920, 0
7, 76097, 81920, 0
