2026-08-02T06:12:12Z label=10min elapsed_seconds=600 completed=9/256 correct=6 accuracy=66.666667% failures=2 truncated=0 checkpoint_read_errors=0 gpu=0, 76065, 97;1, 76065, 63;2, 76065, 94;3, 76065, 60;4, 76065, 94;5, 76065, 92;6, 76065, 94;7, 76065, 86
2026-08-02T06:13:35Z label=correction completed=9/256 correct=6 accuracy=66.666667% request_failures=0 extraction_failures=2 truncated=0 checkpoint_read_errors=0 gpu=0, 76065, 96;1, 76065, 63;2, 76065, 95;3, 76065, 74;4, 76065, 93;5, 76065, 92;6, 76065, 92;7, 76065, 75
2026-08-02T06:22:12Z label=10min completed=9/256 correct=6 accuracy=66.666667% request_failures=0 extraction_failures=2 truncated=0 checkpoint_read_errors=0 gpu=0, 76067, 97;1, 76067, 61;2, 76067, 95;3, 76067, 95;4, 76067, 96;5, 76067, 92;6, 76067, 95;7, 76067, 95
2026-08-02T06:32:12Z label=10min completed=9/256 correct=6 accuracy=66.666667% request_failures=0 extraction_failures=2 truncated=0 checkpoint_read_errors=0 gpu=0, 76071, 94;1, 76071, 61;2, 76071, 94;3, 76071, 97;4, 76071, 97;5, 76071, 96;6, 76071, 94;7, 76071, 94
2026-08-02T06:42:12Z label=10min completed=36/256 correct=14 accuracy=38.888889% request_failures=0 extraction_failures=19 truncated=16 checkpoint_read_errors=0 gpu=0, 76075, 96;1, 76075, 53;2, 76075, 97;3, 76075, 96;4, 76075, 97;5, 76075, 92;6, 76075, 98;7, 76075, 89
2026-08-02T06:52:12Z label=10min completed=47/256 correct=23 accuracy=48.936170% request_failures=0 extraction_failures=20 truncated=16 checkpoint_read_errors=0 gpu=0, 76077, 97;1, 76077, 62;2, 76077, 97;3, 76077, 95;4, 76077, 93;5, 76077, 76;6, 76077, 97;7, 76077, 75
2026-08-02T07:02:12Z label=10min completed=47/256 correct=23 accuracy=48.936170% request_failures=0 extraction_failures=20 truncated=16 checkpoint_read_errors=0 gpu=0, 76077, 97;1, 76077, 82;2, 76077, 97;3, 76077, 96;4, 76077, 91;5, 76077, 86;6, 76077, 95;7, 76077, 62
2026-08-02T07:12:12Z label=10min completed=74/256 correct=33 accuracy=44.594595% request_failures=0 extraction_failures=35 truncated=30 checkpoint_read_errors=0 gpu=0, 76077, 97;1, 76077, 53;2, 76077, 96;3, 76077, 94;4, 76077, 98;5, 76077, 96;6, 76077, 98;7, 76077, 83
2026-08-02T07:22:12Z label=10min completed=77/256 correct=34 accuracy=44.155844% request_failures=0 extraction_failures=37 truncated=32 checkpoint_read_errors=0 gpu=0, 76077, 97;1, 76077, 61;2, 76077, 94;3, 76077, 95;4, 76077, 97;5, 76077, 97;6, 76077, 98;7, 76077, 80
2026-08-02T07:32:12Z label=10min completed=77/256 correct=34 accuracy=44.155844% request_failures=0 extraction_failures=37 truncated=32 checkpoint_read_errors=0 gpu=0, 76077, 97;1, 76077, 61;2, 76077, 94;3, 76077, 97;4, 76077, 97;5, 76077, 96;6, 76077, 98;7, 76077, 95
2026-08-02T07:42:12Z label=10min completed=107/256 correct=44 accuracy=41.121495% request_failures=0 extraction_failures=53 truncated=47 checkpoint_read_errors=0 gpu=0, 76079, 90;1, 76079, 77;2, 76079, 64;3, 76079, 97;4, 76079, 97;5, 76079, 90;6, 76079, 97;7, 76079, 95
2026-08-02T07:52:12Z label=10min completed=117/256 correct=50 accuracy=42.735043% request_failures=0 extraction_failures=55 truncated=48 checkpoint_read_errors=0 gpu=0, 76081, 97;1, 76081, 60;2, 76081, 93;3, 76081, 97;4, 76081, 97;5, 76081, 94;6, 76081, 97;7, 76081, 83
2026-08-02T08:02:12Z label=10min completed=119/256 correct=52 accuracy=43.697479% request_failures=0 extraction_failures=55 truncated=49 checkpoint_read_errors=0 gpu=0, 76081, 96;1, 76081, 60;2, 76081, 93;3, 76081, 74;4, 76081, 96;5, 76081, 96;6, 76081, 96;7, 76081, 95
2026-08-02T08:12:12Z label=10min completed=139/256 correct=55 accuracy=39.568345% request_failures=0 extraction_failures=67 truncated=62 checkpoint_read_errors=0 gpu=0, 76081, 48;1, 76081, 65;2, 76081, 0;3, 76081, 17;4, 76081, 0;5, 76081, 48;6, 76081, 17;7, 76081, 12
2026-08-02T08:22:12Z label=10min completed=141/256 correct=55 accuracy=39.007092% request_failures=0 extraction_failures=69 truncated=64 checkpoint_read_errors=0 gpu=0, 76081, 98;1, 76081, 59;2, 76081, 97;3, 76081, 97;4, 76081, 98;5, 76081, 97;6, 76081, 97;7, 76081, 93
2026-08-02T08:32:12Z label=10min completed=146/256 correct=57 accuracy=39.041096% request_failures=0 extraction_failures=71 truncated=66 checkpoint_read_errors=0 gpu=0, 76081, 97;1, 76081, 58;2, 76081, 96;3, 76081, 96;4, 76081, 98;5, 76081, 95;6, 76081, 96;7, 76081, 95
2026-08-02T08:42:12Z label=10min completed=173/256 correct=69 accuracy=39.884393% request_failures=0 extraction_failures=83 truncated=78 checkpoint_read_errors=0 gpu=0, 76083, 97;1, 76083, 92;2, 76083, 92;3, 76083, 95;4, 76083, 97;5, 76083, 94;6, 76083, 84;7, 76083, 60
2026-08-02T08:52:12Z label=10min completed=177/256 correct=70 accuracy=39.548023% request_failures=0 extraction_failures=85 truncated=80 checkpoint_read_errors=0 gpu=0, 76083, 95;1, 76083, 61;2, 76083, 78;3, 76083, 93;4, 76083, 97;5, 76083, 93;6, 76083, 97;7, 76083, 71
2026-08-02T09:02:12Z label=10min completed=181/256 correct=72 accuracy=39.779006% request_failures=0 extraction_failures=87 truncated=82 checkpoint_read_errors=0 gpu=0, 76083, 98;1, 76083, 58;2, 76083, 97;3, 76083, 96;4, 76083, 97;5, 76083, 94;6, 76083, 97;7, 76083, 91
2026-08-02T09:12:12Z label=10min completed=218/256 correct=87 accuracy=39.908257% request_failures=0 extraction_failures=100 truncated=94 checkpoint_read_errors=0 gpu=0, 76085, 97;1, 76085, 93;2, 76085, 98;3, 76085, 86;4, 76085, 69;5, 76085, 97;6, 76085, 99;7, 76085, 77
2026-08-02T09:22:12Z label=10min completed=223/256 correct=90 accuracy=40.358744% request_failures=0 extraction_failures=102 truncated=96 checkpoint_read_errors=0 gpu=0, 76085, 97;1, 76085, 88;2, 76085, 74;3, 76085, 94;4, 76085, 80;5, 76085, 96;6, 76085, 96;7, 76085, 75
2026-08-02T09:32:12Z label=10min completed=227/256 correct=91 accuracy=40.088106% request_failures=0 extraction_failures=104 truncated=99 checkpoint_read_errors=0 gpu=0, 76085, 96;1, 76085, 79;2, 76085, 95;3, 76085, 96;4, 76085, 94;5, 76085, 95;6, 76085, 96;7, 76085, 58
2026-08-02T09:42:12Z label=10min completed=244/256 correct=97 accuracy=39.754098% request_failures=0 extraction_failures=114 truncated=109 checkpoint_read_errors=0 gpu=0, 76087, 97;1, 76087, 91;2, 76087, 97;3, 76087, 92;4, 76087, 97;5, 76087, 95;6, 76087, 97;7, 76087, 52
2026-08-02T09:52:12Z label=10min completed=247/256 correct=97 accuracy=39.271255% request_failures=0 extraction_failures=117 truncated=112 checkpoint_read_errors=0 gpu=0, 76091, 96;1, 76091, 43;2, 76091, 95;3, 76091, 96;4, 76091, 96;5, 76091, 92;6, 76091, 96;7, 76091, 88
2026-08-02T10:02:12Z label=10min completed=248/256 correct=97 accuracy=39.112903% request_failures=0 extraction_failures=118 truncated=113 checkpoint_read_errors=0 gpu=0, 76093, 97;1, 76093, 39;2, 76093, 97;3, 76093, 95;4, 76093, 98;5, 76093, 96;6, 76093, 97;7, 76093, 95
2026-08-02T10:10:12Z label=final completed=256/256 correct=97 accuracy=37.890625% request_failures=0 extraction_failures=126 truncated=121 checkpoint_read_errors=0 gpu=0, 0, 0;1, 0, 0;2, 0, 0;3, 0, 0;4, 0, 0;5, 0, 0;6, 0, 0;7, 0, 0
