2026-08-02T06:16:36Z elapsed_seconds=600 completed unknown/256 server_completed=9/256
0, 76065, 81920, 97
1, 76065, 81920, 63
2, 76065, 81920, 92
3, 76065, 81920, 94
4, 76065, 81920, 95
5, 76065, 81920, 80
6, 76065, 81920, 76
7, 76065, 81920, 88
2026-08-02T06:26:36Z elapsed_seconds=1200 completed unknown/256 server_completed=9/256
0, 76069, 81920, 96
1, 76069, 81920, 61
2, 76069, 81920, 97
3, 76069, 81920, 95
4, 76069, 81920, 97
5, 76069, 81920, 95
6, 76069, 81920, 97
7, 76069, 81920, 88
2026-08-02T06:36:36Z elapsed_seconds=1800 completed unknown/256 server_completed=9/256
0, 76073, 81920, 97
1, 76073, 81920, 61
2, 76073, 81920, 97
3, 76073, 81920, 97
4, 76073, 81920, 97
5, 76073, 81920, 97
6, 76073, 81920, 97
7, 76073, 81920, 95
2026-08-02T06:46:36Z elapsed_seconds=2400 completed 40/256 server_completed=45/256
0, 76075, 81920, 97
1, 76075, 81920, 59
2, 76075, 81920, 96
3, 76075, 81920, 96
4, 76075, 81920, 97
5, 76075, 81920, 92
6, 76075, 81920, 97
7, 76075, 81920, 92
2026-08-02T06:56:36Z elapsed_seconds=3000 completed 40/256 server_completed=47/256
0, 76077, 81920, 96
1, 76077, 81920, 87
2, 76077, 81920, 96
3, 76077, 81920, 96
4, 76077, 81920, 89
5, 76077, 81920, 85
6, 76077, 81920, 96
7, 76077, 81920, 62
2026-08-02T07:06:37Z elapsed_seconds=3601 completed 40/256 server_completed=51/256
0, 76077, 81920, 97
1, 76077, 81920, 81
2, 76077, 81920, 97
3, 76077, 81920, 94
4, 76077, 81920, 96
5, 76077, 81920, 95
6, 76077, 81920, 98
7, 76077, 81920, 57
2026-08-02T07:16:37Z elapsed_seconds=4201 completed 60/256 server_completed=76/256
0, 76077, 81920, 97
1, 76077, 81920, 69
2, 76077, 81920, 90
3, 76077, 81920, 91
4, 76077, 81920, 97
5, 76077, 81920, 95
6, 76077, 81920, 97
7, 76077, 81920, 61
2026-08-02T07:26:37Z elapsed_seconds=4801 completed 60/256 server_completed=77/256
0, 76077, 81920, 98
1, 76077, 81920, 61
2, 76077, 81920, 90
3, 76077, 81920, 91
4, 76077, 81920, 97
5, 76077, 81920, 96
6, 76077, 81920, 98
7, 76077, 81920, 96
2026-08-02T07:36:37Z elapsed_seconds=5401 completed 80/256 server_completed=85/256
0, 76079, 81920, 96
1, 76079, 81920, 80
2, 76079, 81920, 57
3, 76079, 81920, 95
4, 76079, 81920, 95
5, 76079, 81920, 95
6, 76079, 81920, 95
7, 76079, 81920, 91
2026-08-02T07:46:37Z elapsed_seconds=6001 completed 100/256 server_completed=111/256
0, 76079, 81920, 97
1, 76079, 81920, 61
2, 76079, 81920, 93
3, 76079, 81920, 97
4, 76079, 81920, 97
5, 76079, 81920, 87
6, 76079, 81920, 97
7, 76079, 81920, 96
2026-08-02T07:56:38Z elapsed_seconds=6602 completed 100/256 server_completed=118/256
0, 76081, 81920, 95
1, 76081, 81920, 77
2, 76081, 81920, 94
3, 76081, 81920, 97
4, 76081, 81920, 97
5, 76081, 81920, 96
6, 76081, 81920, 97
7, 76081, 81920, 61
2026-08-02T08:06:38Z elapsed_seconds=7202 completed 120/256 server_completed=125/256
0, 76081, 81920, 96
1, 76081, 81920, 58
2, 76081, 81920, 89
3, 76081, 81920, 93
4, 76081, 81920, 97
5, 76081, 81920, 90
6, 76081, 81920, 97
7, 76081, 81920, 81
2026-08-02T08:16:38Z elapsed_seconds=7802 completed 120/256 server_completed=139/256
0, 76081, 81920, 97
1, 76081, 81920, 92
2, 76081, 81920, 91
3, 76081, 81920, 97
4, 76081, 81920, 97
5, 76081, 81920, 96
6, 76081, 81920, 89
7, 76081, 81920, 62
2026-08-02T08:26:38Z elapsed_seconds=8402 completed 140/256 server_completed=142/256
0, 76081, 81920, 98
1, 76081, 81920, 63
2, 76081, 81920, 95
3, 76081, 81920, 95
4, 76081, 81920, 98
5, 76081, 81920, 94
6, 76081, 81920, 90
7, 76081, 81920, 78
2026-08-02T08:36:39Z elapsed_seconds=9003 completed 160/256 server_completed=161/256
0, 76083, 81920, 0
1, 76083, 81920, 0
2, 76083, 81920, 0
3, 76083, 81920, 0
4, 76083, 81920, 0
5, 76083, 81920, 0
6, 76083, 81920, 0
7, 76083, 81920, 0
2026-08-02T08:46:39Z elapsed_seconds=9603 completed 160/256 server_completed=176/256
0, 76083, 81920, 97
1, 76083, 81920, 84
2, 76083, 81920, 91
3, 76083, 81920, 95
4, 76083, 81920, 98
5, 76083, 81920, 92
6, 76083, 81920, 97
7, 76083, 81920, 63
2026-08-02T08:56:39Z elapsed_seconds=10203 completed 160/256 server_completed=177/256
0, 76083, 81920, 97
1, 76083, 81920, 62
2, 76083, 81920, 94
3, 76083, 81920, 96
4, 76083, 81920, 98
5, 76083, 81920, 95
6, 76083, 81920, 97
7, 76083, 81920, 83
2026-08-02T09:06:39Z elapsed_seconds=10803 completed 180/256 server_completed=199/256
0, 76085, 81920, 0
1, 76085, 81920, 0
2, 76085, 81920, 0
3, 76085, 81920, 0
4, 76085, 81920, 0
5, 76085, 81920, 0
6, 76085, 81920, 0
7, 76085, 81920, 0
2026-08-02T09:16:39Z elapsed_seconds=11403 completed 220/256 server_completed=222/256
0, 76085, 81920, 97
1, 76085, 81920, 89
2, 76085, 81920, 94
3, 76085, 81920, 94
4, 76085, 81920, 93
5, 76085, 81920, 62
6, 76085, 81920, 97
7, 76085, 81920, 79
2026-08-02T09:26:40Z elapsed_seconds=12004 completed 220/256 server_completed=223/256
0, 76085, 81920, 96
1, 76085, 81920, 77
2, 76085, 81920, 95
3, 76085, 81920, 90
4, 76085, 81920, 79
5, 76085, 81920, 95
6, 76085, 81920, 95
7, 76085, 81920, 63
2026-08-02T09:36:40Z elapsed_seconds=12604 completed 220/256 server_completed=234/256
0, 76085, 81920, 96
1, 76085, 81920, 77
2, 76085, 81920, 98
3, 76085, 81920, 96
4, 76085, 81920, 93
5, 76085, 81920, 96
6, 76085, 81920, 98
7, 76085, 81920, 63
2026-08-02T09:46:40Z elapsed_seconds=13204 completed 240/256 server_completed=246/256
0, 76089, 81920, 94
1, 76089, 81920, 50
2, 76089, 81920, 94
3, 76089, 81920, 86
4, 76089, 81920, 96
5, 76089, 81920, 96
6, 76089, 81920, 83
7, 76089, 81920, 74
2026-08-02T09:56:40Z elapsed_seconds=13804 completed 240/256 server_completed=247/256
0, 76091, 81920, 0
1, 76091, 81920, 0
2, 76091, 81920, 0
3, 76091, 81920, 0
4, 76091, 81920, 0
5, 76091, 81920, 0
6, 76091, 81920, 0
7, 76091, 81920, 0
2026-08-02T10:06:41Z elapsed_seconds=14404 completed 240/256 server_completed=252/256
0, 76095, 81920, 97
1, 76095, 81920, 33
2, 76095, 81920, 98
3, 76095, 81920, 97
4, 76095, 81920, 98
5, 76095, 81920, 97
6, 76095, 81920, 98
7, 76095, 81920, 97
