2026-08-02T06:13:14Z server_pid=564 ready=1 elapsed_seconds=600
0, 76065, 81920, 98
1, 76065, 81920, 82
2, 76065, 81920, 95
3, 76065, 81920, 94
4, 76065, 81920, 98
5, 76065, 81920, 96
6, 76065, 81920, 97
7, 76065, 81920, 66
2026-08-02T06:23:14Z server_pid=564 ready=1 elapsed_seconds=1200
0, 76069, 81920, 98
1, 76069, 81920, 68
2, 76069, 81920, 92
3, 76069, 81920, 92
4, 76069, 81920, 96
5, 76069, 81920, 71
6, 76069, 81920, 93
7, 76069, 81920, 62
2026-08-02T06:33:14Z server_pid=564 ready=1 elapsed_seconds=1800
0, 76071, 81920, 96
1, 76071, 81920, 61
2, 76071, 81920, 96
3, 76071, 81920, 96
4, 76071, 81920, 97
5, 76071, 81920, 96
6, 76071, 81920, 96
7, 76071, 81920, 93
2026-08-02T06:43:14Z server_pid=564 ready=1 elapsed_seconds=2400
0, 76075, 81920, 96
1, 76075, 81920, 56
2, 76075, 81920, 97
3, 76075, 81920, 96
4, 76075, 81920, 97
5, 76075, 81920, 92
6, 76075, 81920, 98
7, 76075, 81920, 83
2026-08-02T06:53:14Z server_pid=564 ready=1 elapsed_seconds=3000
0, 76077, 81920, 97
1, 76077, 81920, 73
2, 76077, 81920, 97
3, 76077, 81920, 96
4, 76077, 81920, 93
5, 76077, 81920, 86
6, 76077, 81920, 98
7, 76077, 81920, 71
2026-08-02T07:03:15Z server_pid=564 ready=1 elapsed_seconds=3601
0, 76077, 81920, 97
1, 76077, 81920, 75
2, 76077, 81920, 97
3, 76077, 81920, 96
4, 76077, 81920, 87
5, 76077, 81920, 87
6, 76077, 81920, 97
7, 76077, 81920, 61
2026-08-02T07:13:15Z server_pid=564 ready=1 elapsed_seconds=4201
0, 76077, 81920, 98
1, 76077, 81920, 62
2, 76077, 81920, 98
3, 76077, 81920, 76
4, 76077, 81920, 98
5, 76077, 81920, 97
6, 76077, 81920, 98
7, 76077, 81920, 92
2026-08-02T07:23:15Z server_pid=564 ready=1 elapsed_seconds=4801
0, 76077, 81920, 98
1, 76077, 81920, 61
2, 76077, 81920, 95
3, 76077, 81920, 94
4, 76077, 81920, 97
5, 76077, 81920, 96
6, 76077, 81920, 98
7, 76077, 81920, 95
2026-08-02T07:33:15Z server_pid=564 ready=1 elapsed_seconds=5401
0, 76077, 81920, 98
1, 76077, 81920, 61
2, 76077, 81920, 96
3, 76077, 81920, 97
4, 76077, 81920, 97
5, 76077, 81920, 95
6, 76077, 81920, 97
7, 76077, 81920, 96
2026-08-02T07:43:15Z server_pid=564 ready=1 elapsed_seconds=6001
0, 76079, 81920, 97
1, 76079, 81920, 57
2, 76079, 81920, 68
3, 76079, 81920, 96
4, 76079, 81920, 96
5, 76079, 81920, 95
6, 76079, 81920, 95
7, 76079, 81920, 95
2026-08-02T07:53:16Z server_pid=564 ready=1 elapsed_seconds=6602
0, 76081, 81920, 98
1, 76081, 81920, 59
2, 76081, 81920, 98
3, 76081, 81920, 96
4, 76081, 81920, 98
5, 76081, 81920, 95
6, 76081, 81920, 98
7, 76081, 81920, 96
2026-08-02T08:03:16Z server_pid=564 ready=1 elapsed_seconds=7202
0, 76081, 81920, 96
1, 76081, 81920, 58
2, 76081, 81920, 90
3, 76081, 81920, 91
4, 76081, 81920, 96
5, 76081, 81920, 96
6, 76081, 81920, 96
7, 76081, 81920, 79
2026-08-02T08:13:16Z server_pid=564 ready=1 elapsed_seconds=7802
0, 76081, 81920, 98
1, 76081, 81920, 90
2, 76081, 81920, 97
3, 76081, 81920, 90
4, 76081, 81920, 98
5, 76081, 81920, 84
6, 76081, 81920, 98
7, 76081, 81920, 59
2026-08-02T08:23:16Z server_pid=564 ready=1 elapsed_seconds=8402
0, 76081, 81920, 96
1, 76081, 81920, 60
2, 76081, 81920, 89
3, 76081, 81920, 96
4, 76081, 81920, 97
5, 76081, 81920, 95
6, 76081, 81920, 83
7, 76081, 81920, 89
2026-08-02T08:33:16Z server_pid=564 ready=1 elapsed_seconds=9002
0, 76081, 81920, 97
1, 76081, 81920, 57
2, 76081, 81920, 97
3, 76081, 81920, 96
4, 76081, 81920, 97
5, 76081, 81920, 95
6, 76081, 81920, 97
7, 76081, 81920, 96
2026-08-02T08:43:17Z server_pid=564 ready=1 elapsed_seconds=9603
0, 76083, 81920, 97
1, 76083, 81920, 89
2, 76083, 81920, 92
3, 76083, 81920, 94
4, 76083, 81920, 97
5, 76083, 81920, 92
6, 76083, 81920, 97
7, 76083, 81920, 58
2026-08-02T08:53:17Z server_pid=564 ready=1 elapsed_seconds=10203
0, 76083, 81920, 97
1, 76083, 81920, 72
2, 76083, 81920, 82
3, 76083, 81920, 93
4, 76083, 81920, 98
5, 76083, 81920, 88
6, 76083, 81920, 98
7, 76083, 81920, 62
2026-08-02T09:03:17Z server_pid=564 ready=1 elapsed_seconds=10803
0, 76083, 81920, 98
1, 76083, 81920, 56
2, 76083, 81920, 97
3, 76083, 81920, 97
4, 76083, 81920, 97
5, 76083, 81920, 94
6, 76083, 81920, 97
7, 76083, 81920, 89
2026-08-02T09:13:17Z server_pid=564 ready=1 elapsed_seconds=11403
0, 76085, 81920, 47
1, 76085, 81920, 0
2, 76085, 81920, 53
3, 76085, 81920, 22
4, 76085, 81920, 0
5, 76085, 81920, 0
6, 76085, 81920, 4
7, 76085, 81920, 0
2026-08-02T09:23:17Z server_pid=564 ready=1 elapsed_seconds=12003
0, 76085, 81920, 98
1, 76085, 81920, 66
2, 76085, 81920, 97
3, 76085, 81920, 95
4, 76085, 81920, 97
5, 76085, 81920, 90
6, 76085, 81920, 98
7, 76085, 81920, 70
2026-08-02T09:33:18Z server_pid=564 ready=1 elapsed_seconds=12604
0, 76085, 81920, 97
1, 76085, 81920, 80
2, 76085, 81920, 95
3, 76085, 81920, 96
4, 76085, 81920, 95
5, 76085, 81920, 94
6, 76085, 81920, 96
7, 76085, 81920, 57
2026-08-02T09:43:18Z server_pid=564 ready=1 elapsed_seconds=13204
0, 76087, 81920, 94
1, 76087, 81920, 79
2, 76087, 81920, 91
3, 76087, 81920, 92
4, 76087, 81920, 93
5, 76087, 81920, 95
6, 76087, 81920, 97
7, 76087, 81920, 46
2026-08-02T09:53:18Z server_pid=564 ready=1 elapsed_seconds=13804
0, 76091, 81920, 98
1, 76091, 81920, 43
2, 76091, 81920, 97
3, 76091, 81920, 97
4, 76091, 81920, 97
5, 76091, 81920, 95
6, 76091, 81920, 96
7, 76091, 81920, 91
2026-08-02T10:03:18Z server_pid=564 ready=1 elapsed_seconds=14404
0, 76095, 81920, 0
1, 76095, 81920, 0
2, 76095, 81920, 0
3, 76095, 81920, 0
4, 76095, 81920, 0
5, 76095, 81920, 0
6, 76095, 81920, 0
7, 76095, 81920, 0
