E
======================================================================
ERROR: test_phase9_tools (unittest.loader._FailedTest.test_phase9_tools)
----------------------------------------------------------------------
ImportError: Failed to import test module: test_phase9_tools
Traceback (most recent call last):
  File "/dev/shm/oscar-glm-recovery-tools/python/cpython-3.12.3-linux-x86_64-gnu/lib/python3.12/unittest/loader.py", line 137, in loadTestsFromName
    module = __import__(module_name)
             ^^^^^^^^^^^^^^^^^^^^^^^
  File "/nfs/AE/txc/oscar-glm/scripts/phase9/test_phase9_tools.py", line 29, in <module>
    matrix = load_module(
             ^^^^^^^^^^^^
  File "/nfs/AE/txc/oscar-glm/scripts/phase9/test_phase9_tools.py", line 25, in load_module
    spec.loader.exec_module(module)
  File "/nfs/AE/txc/oscar-glm/scripts/phase9/run_performance_matrix.py", line 22, in <module>
    import requests
ModuleNotFoundError: No module named 'requests'


----------------------------------------------------------------------
Ran 1 test in 0.000s

FAILED (errors=1)
