validate_failure.py: OK
validation.json: OK
repair_state.txt: OK
clone_status.txt: OK
gpu_first_at_utc.txt: OK
gpu_first.csv: OK
gpu_first_compute.csv: OK
gpu_second_at_utc.txt: OK
gpu_second.csv: OK
gpu_second_compute.csv: OK
preflight.stdout.log: OK
preflight.stderr.log: OK
preflight.exit: OK
preflight_completed_at_utc.txt: OK
permission_diagnosis.txt: OK
git_modes.txt: OK
container_exec_probe.log: OK
container_exec_probe.exit: OK
post_at_utc.txt: OK
post_gpu.csv: OK
post_compute.csv: OK
post_container.txt: OK
output_files.txt: OK
