validate_failure.py: OK
validation.json: OK
host_preprobe.txt: OK
clone_status.txt: OK
container_preprobe.log: OK
container_preprobe.exit: OK
gpu_first_at_utc.txt: OK
gpu_first.csv: OK
gpu_first_compute.csv: OK
gpu_second_at_utc.txt: OK
gpu_second.csv: OK
gpu_second_compute.csv: OK
preflight.stdout.log: OK
preflight.stderr.log: OK
preflight.exit: OK
preflight_completed_at_utc.txt: OK
phase0_diagnosis.txt: OK
container_phase0_probe.log: OK
post_at_utc.txt: OK
post_gpu.csv: OK
post_compute.csv: OK
post_container.txt: OK
output_files.txt: OK
